<?xml version="1.0" encoding="UTF-8"?>
<TestRun id="c70a0eac-579e-4c59-b66f-75a6befb9355" name="Mats@MATSDATOR1 2012-01-08 11:28:09" runUser="MatsDator1\Mats" xmlns="http://microsoft.com/schemas/VisualStudio/TeamTest/2010">
  <TestSettings name="Local" id="8f4e77c5-bbe4-405a-a0f8-8a80e26343c7">
    <Description>These are default test settings for a local test run.</Description>
    <Deployment enabled="false" runDeploymentRoot="Mats_MATSDATOR1 2012-01-08 11_28_09">
      <DeploymentItem filename="C:\Development\SimpleIOC\SimpleIOC.Core\bin\Debug\SimpleIOC.Core.dll" />
    </Deployment>
    <Execution>
      <TestTypeSpecific />
      <AgentRule name="Execution Agents">
      </AgentRule>
    </Execution>
  </TestSettings>
  <Times creation="2012-01-08T11:28:09.4010685+01:00" queuing="2012-01-08T11:28:09.6370820+01:00" start="2012-01-08T11:28:09.7920908+01:00" finish="2012-01-08T11:28:10.4661294+01:00" />
  <ResultSummary outcome="Failed">
    <Counters total="1" executed="1" error="0" failed="1" timeout="0" aborted="0" inconclusive="0" passedButRunAborted="0" notRunnable="0" notExecuted="0" disconnected="0" warning="0" passed="0" completed="0" inProgress="0" pending="0" />
  </ResultSummary>
  <TestDefinitions>
    <UnitTest name="Should_Return_An_Array_Containing_Two_Items_When_Resolving_All" storage="c:\development\simpleioc\simpleioc.tests\bin\debug\simpleioc.tests.dll" id="9066f836-74c3-4c9a-62ae-87661f96486e">
      <Execution id="e857b565-6557-4ad0-a1dc-1f458f94382a" />
      <TestMethod codeBase="C:/Development/SimpleIOC/SimpleIOC.Tests/bin/Debug/SimpleIOC.Tests.DLL" adapterTypeName="Microsoft.VisualStudio.TestTools.TestTypes.Unit.UnitTestAdapter, Microsoft.VisualStudio.QualityTools.Tips.UnitTest.Adapter, Version=10.0.0.0, Culture=neutral, PublicKeyToken=b03f5f7f11d50a3a" className="SimpleIOC.Tests.ContainerTests, SimpleIOC.Tests, Version=1.0.0.0, Culture=neutral, PublicKeyToken=null" name="Should_Return_An_Array_Containing_Two_Items_When_Resolving_All" />
    </UnitTest>
  </TestDefinitions>
  <TestLists>
    <TestList name="Results Not in a List" id="8c84fa94-04c1-424b-9868-57a2d4851a1d" />
    <TestList name="All Loaded Results" id="19431567-8539-422a-85d7-44ee4e166bda" />
  </TestLists>
  <TestEntries>
    <TestEntry testId="9066f836-74c3-4c9a-62ae-87661f96486e" executionId="e857b565-6557-4ad0-a1dc-1f458f94382a" testListId="8c84fa94-04c1-424b-9868-57a2d4851a1d" />
  </TestEntries>
  <Results>
    <UnitTestResult executionId="e857b565-6557-4ad0-a1dc-1f458f94382a" testId="9066f836-74c3-4c9a-62ae-87661f96486e" testName="Should_Return_An_Array_Containing_Two_Items_When_Resolving_All" computerName="MATSDATOR1" duration="00:00:00.0801110" startTime="2012-01-08T11:28:09.9100976+01:00" endTime="2012-01-08T11:28:10.3811245+01:00" testType="13cdc9d9-ddb5-4fa4-a97d-d965ccfc6d4b" outcome="Failed" testListId="8c84fa94-04c1-424b-9868-57a2d4851a1d" relativeResultsDirectory="e857b565-6557-4ad0-a1dc-1f458f94382a">
      <Output>
        <ErrorInfo>
          <Message>Test method SimpleIOC.Tests.ContainerTests.Should_Return_An_Array_Containing_Two_Items_When_Resolving_All threw exception: 
System.MissingMethodException: Constructor on type 'SimpleIOC.Tests.TestItems.ITestInterface2' not found.</Message>
          <StackTrace>    at System.RuntimeType.CreateInstanceImpl(BindingFlags bindingAttr, Binder binder, Object[] args, CultureInfo culture, Object[] activationAttributes)
   at System.Activator.CreateInstance(Type type, BindingFlags bindingAttr, Binder binder, Object[] args, CultureInfo culture, Object[] activationAttributes)
   at System.Activator.CreateInstance(Type type, Object[] args)
   at SimpleIOC.Core.TypeRegistration.GetAllImplementationsOf() in C:\Development\SimpleIOC\SimpleIOC.Core\TypeRegistration.cs:line 83
   at SimpleIOC.Core.DependencyResolver.ResolveAll(Type type) in C:\Development\SimpleIOC\SimpleIOC.Core\DependencyResolver.cs:line 35
   at SimpleIOC.Core.Container.ResolveAll(Type type) in C:\Development\SimpleIOC\SimpleIOC.Core\Container.cs:line 61
   at SimpleIOC.Tests.ContainerTests.Should_Return_An_Array_Containing_Two_Items_When_Resolving_All() in C:\Development\SimpleIOC\SimpleIOC.Tests\ContainerTests.cs:line 137
</StackTrace>
        </ErrorInfo>
      </Output>
    </UnitTestResult>
  </Results>
</TestRun>