<?xml version="1.0" encoding="UTF-8"?>
<TestRun id="8871c29c-c560-4767-8347-48200020d0e5" name="Mats@MATSDATOR1 2012-01-08 11:10:57" runUser="MatsDator1\Mats" xmlns="http://microsoft.com/schemas/VisualStudio/TeamTest/2010">
  <TestSettings name="Local" id="8f4e77c5-bbe4-405a-a0f8-8a80e26343c7">
    <Description>These are default test settings for a local test run.</Description>
    <Deployment enabled="false" runDeploymentRoot="Mats_MATSDATOR1 2012-01-08 11_10_57">
      <DeploymentItem filename="C:\Development\SimpleIOC\SimpleIOC.Core\bin\Debug\SimpleIOC.Core.dll" />
    </Deployment>
    <Execution>
      <TestTypeSpecific />
      <AgentRule name="Execution Agents">
      </AgentRule>
    </Execution>
  </TestSettings>
  <Times creation="2012-01-08T11:10:57.7470613+01:00" queuing="2012-01-08T11:10:57.7830633+01:00" start="2012-01-08T11:10:57.8030645+01:00" finish="2012-01-08T11:10:58.2310890+01:00" />
  <ResultSummary outcome="Completed">
    <Counters total="9" executed="9" passed="9" error="0" failed="0" timeout="0" aborted="0" inconclusive="0" passedButRunAborted="0" notRunnable="0" notExecuted="0" disconnected="0" warning="0" completed="0" inProgress="0" pending="0" />
  </ResultSummary>
  <TestDefinitions>
    <UnitTest name="Should_Return_Different_Instances_When_RegisterComponent_Has_Lifetime_Transient" storage="c:\development\simpleioc\simpleioc.tests\bin\debug\simpleioc.tests.dll" id="7aa8b61e-4c78-431b-a080-64c39c3df33f">
      <Execution id="ca3e1ba0-5719-4823-82c6-90b192ed1fa8" />
      <TestMethod codeBase="C:/Development/SimpleIOC/SimpleIOC.Tests/bin/Debug/SimpleIOC.Tests.DLL" adapterTypeName="Microsoft.VisualStudio.TestTools.TestTypes.Unit.UnitTestAdapter, Microsoft.VisualStudio.QualityTools.Tips.UnitTest.Adapter, Version=10.0.0.0, Culture=neutral, PublicKeyToken=b03f5f7f11d50a3a" className="SimpleIOC.Tests.ContainerTests, SimpleIOC.Tests, Version=1.0.0.0, Culture=neutral, PublicKeyToken=null" name="Should_Return_Different_Instances_When_RegisterComponent_Has_Lifetime_Transient" />
    </UnitTest>
    <UnitTest name="Should_Return_Same_Instance_When_RegisterComponent_Has_Lifetime_Singleton" storage="c:\development\simpleioc\simpleioc.tests\bin\debug\simpleioc.tests.dll" id="47aefbcd-b13f-e269-2920-df10a8f1f714">
      <Execution id="bee026e8-3560-4901-b7ee-38cb2a91802a" />
      <TestMethod codeBase="C:/Development/SimpleIOC/SimpleIOC.Tests/bin/Debug/SimpleIOC.Tests.DLL" adapterTypeName="Microsoft.VisualStudio.TestTools.TestTypes.Unit.UnitTestAdapter, Microsoft.VisualStudio.QualityTools.Tips.UnitTest.Adapter, Version=10.0.0.0, Culture=neutral, PublicKeyToken=b03f5f7f11d50a3a" className="SimpleIOC.Tests.ContainerTests, SimpleIOC.Tests, Version=1.0.0.0, Culture=neutral, PublicKeyToken=null" name="Should_Return_Same_Instance_When_RegisterComponent_Has_Lifetime_Singleton" />
    </UnitTest>
    <UnitTest name="Should_Return_Different_Instances_With_No_Lifetime_Configuration" storage="c:\development\simpleioc\simpleioc.tests\bin\debug\simpleioc.tests.dll" id="b7695e69-3aa4-1052-b80a-9ac26e1396c3">
      <Execution id="ba1f5b76-8b00-4141-bb3c-9e435c840708" />
      <TestMethod codeBase="C:/Development/SimpleIOC/SimpleIOC.Tests/bin/Debug/SimpleIOC.Tests.DLL" adapterTypeName="Microsoft.VisualStudio.TestTools.TestTypes.Unit.UnitTestAdapter, Microsoft.VisualStudio.QualityTools.Tips.UnitTest.Adapter, Version=10.0.0.0, Culture=neutral, PublicKeyToken=b03f5f7f11d50a3a" className="SimpleIOC.Tests.ContainerTests, SimpleIOC.Tests, Version=1.0.0.0, Culture=neutral, PublicKeyToken=null" name="Should_Return_Different_Instances_With_No_Lifetime_Configuration" />
    </UnitTest>
    <UnitTest name="Should_Throw_An_Exception_When_ServiceType_Is_Not_Assignable_From_Implementing_Type" storage="c:\development\simpleioc\simpleioc.tests\bin\debug\simpleioc.tests.dll" id="a9a20814-67e6-a3ba-f2bf-f6266612a585">
      <Execution id="db11e03c-ebe7-4060-b24b-c6308cdba0c5" />
      <TestMethod codeBase="C:/Development/SimpleIOC/SimpleIOC.Tests/bin/Debug/SimpleIOC.Tests.DLL" adapterTypeName="Microsoft.VisualStudio.TestTools.TestTypes.Unit.UnitTestAdapter, Microsoft.VisualStudio.QualityTools.Tips.UnitTest.Adapter, Version=10.0.0.0, Culture=neutral, PublicKeyToken=b03f5f7f11d50a3a" className="SimpleIOC.Tests.ContainerTests, SimpleIOC.Tests, Version=1.0.0.0, Culture=neutral, PublicKeyToken=null" name="Should_Throw_An_Exception_When_ServiceType_Is_Not_Assignable_From_Implementing_Type" />
    </UnitTest>
    <UnitTest name="Should_Return_Same_Instance_With_Singleton_Lifetime_Configuration" storage="c:\development\simpleioc\simpleioc.tests\bin\debug\simpleioc.tests.dll" id="a1766c4b-3d90-ac14-0e4d-486abda2af87">
      <Execution id="b1d8931a-61c1-4e29-a2d3-31d44ba75452" />
      <TestMethod codeBase="C:/Development/SimpleIOC/SimpleIOC.Tests/bin/Debug/SimpleIOC.Tests.DLL" adapterTypeName="Microsoft.VisualStudio.TestTools.TestTypes.Unit.UnitTestAdapter, Microsoft.VisualStudio.QualityTools.Tips.UnitTest.Adapter, Version=10.0.0.0, Culture=neutral, PublicKeyToken=b03f5f7f11d50a3a" className="SimpleIOC.Tests.ContainerTests, SimpleIOC.Tests, Version=1.0.0.0, Culture=neutral, PublicKeyToken=null" name="Should_Return_Same_Instance_With_Singleton_Lifetime_Configuration" />
    </UnitTest>
    <UnitTest name="Should_Resolve_Using_Greediest_Constructor" storage="c:\development\simpleioc\simpleioc.tests\bin\debug\simpleioc.tests.dll" id="fe93e5ba-a045-333b-dc14-a259d7f30137">
      <Execution id="98d1c899-8d72-49f2-a21b-5ecf63395b3b" />
      <TestMethod codeBase="C:/Development/SimpleIOC/SimpleIOC.Tests/bin/Debug/SimpleIOC.Tests.DLL" adapterTypeName="Microsoft.VisualStudio.TestTools.TestTypes.Unit.UnitTestAdapter, Microsoft.VisualStudio.QualityTools.Tips.UnitTest.Adapter, Version=10.0.0.0, Culture=neutral, PublicKeyToken=b03f5f7f11d50a3a" className="SimpleIOC.Tests.ContainerTests, SimpleIOC.Tests, Version=1.0.0.0, Culture=neutral, PublicKeyToken=null" name="Should_Resolve_Using_Greediest_Constructor" />
    </UnitTest>
    <UnitTest name="Should_Return_Same_Instance_With_Singleton_Lifetime_Transient" storage="c:\development\simpleioc\simpleioc.tests\bin\debug\simpleioc.tests.dll" id="3d23e2e5-5324-758b-3ea3-e549aa9c62be">
      <Execution id="07a90e33-8d0c-4185-9584-b2b71cb74b17" />
      <TestMethod codeBase="C:/Development/SimpleIOC/SimpleIOC.Tests/bin/Debug/SimpleIOC.Tests.DLL" adapterTypeName="Microsoft.VisualStudio.TestTools.TestTypes.Unit.UnitTestAdapter, Microsoft.VisualStudio.QualityTools.Tips.UnitTest.Adapter, Version=10.0.0.0, Culture=neutral, PublicKeyToken=b03f5f7f11d50a3a" className="SimpleIOC.Tests.ContainerTests, SimpleIOC.Tests, Version=1.0.0.0, Culture=neutral, PublicKeyToken=null" name="Should_Return_Same_Instance_With_Singleton_Lifetime_Transient" />
    </UnitTest>
    <UnitTest name="Should_Be_Able_To_Assign_A_Type_To_Itself" storage="c:\development\simpleioc\simpleioc.tests\bin\debug\simpleioc.tests.dll" id="e1e48189-3ca1-6959-57e7-11c451585432">
      <Execution id="f04a0bd1-00e0-4e9e-a597-5a80d6088de4" />
      <TestMethod codeBase="C:/Development/SimpleIOC/SimpleIOC.Tests/bin/Debug/SimpleIOC.Tests.DLL" adapterTypeName="Microsoft.VisualStudio.TestTools.TestTypes.Unit.UnitTestAdapter, Microsoft.VisualStudio.QualityTools.Tips.UnitTest.Adapter, Version=10.0.0.0, Culture=neutral, PublicKeyToken=b03f5f7f11d50a3a" className="SimpleIOC.Tests.ContainerTests, SimpleIOC.Tests, Version=1.0.0.0, Culture=neutral, PublicKeyToken=null" name="Should_Be_Able_To_Assign_A_Type_To_Itself" />
    </UnitTest>
    <UnitTest name="Should_Not_Use_Greediest_Constructor_When_It_Is_Not_Resolvable" storage="c:\development\simpleioc\simpleioc.tests\bin\debug\simpleioc.tests.dll" id="156f5eea-9397-288c-fbfe-06d29dfc5e3b">
      <Execution id="33fd9433-a5cf-4d8c-8f9f-e1f3f02e3896" />
      <TestMethod codeBase="C:/Development/SimpleIOC/SimpleIOC.Tests/bin/Debug/SimpleIOC.Tests.DLL" adapterTypeName="Microsoft.VisualStudio.TestTools.TestTypes.Unit.UnitTestAdapter, Microsoft.VisualStudio.QualityTools.Tips.UnitTest.Adapter, Version=10.0.0.0, Culture=neutral, PublicKeyToken=b03f5f7f11d50a3a" className="SimpleIOC.Tests.ContainerTests, SimpleIOC.Tests, Version=1.0.0.0, Culture=neutral, PublicKeyToken=null" name="Should_Not_Use_Greediest_Constructor_When_It_Is_Not_Resolvable" />
    </UnitTest>
  </TestDefinitions>
  <TestLists>
    <TestList name="Results Not in a List" id="8c84fa94-04c1-424b-9868-57a2d4851a1d" />
    <TestList name="All Loaded Results" id="19431567-8539-422a-85d7-44ee4e166bda" />
  </TestLists>
  <TestEntries>
    <TestEntry testId="156f5eea-9397-288c-fbfe-06d29dfc5e3b" executionId="33fd9433-a5cf-4d8c-8f9f-e1f3f02e3896" testListId="8c84fa94-04c1-424b-9868-57a2d4851a1d" />
    <TestEntry testId="3d23e2e5-5324-758b-3ea3-e549aa9c62be" executionId="07a90e33-8d0c-4185-9584-b2b71cb74b17" testListId="8c84fa94-04c1-424b-9868-57a2d4851a1d" />
    <TestEntry testId="47aefbcd-b13f-e269-2920-df10a8f1f714" executionId="bee026e8-3560-4901-b7ee-38cb2a91802a" testListId="8c84fa94-04c1-424b-9868-57a2d4851a1d" />
    <TestEntry testId="7aa8b61e-4c78-431b-a080-64c39c3df33f" executionId="ca3e1ba0-5719-4823-82c6-90b192ed1fa8" testListId="8c84fa94-04c1-424b-9868-57a2d4851a1d" />
    <TestEntry testId="a1766c4b-3d90-ac14-0e4d-486abda2af87" executionId="b1d8931a-61c1-4e29-a2d3-31d44ba75452" testListId="8c84fa94-04c1-424b-9868-57a2d4851a1d" />
    <TestEntry testId="a9a20814-67e6-a3ba-f2bf-f6266612a585" executionId="db11e03c-ebe7-4060-b24b-c6308cdba0c5" testListId="8c84fa94-04c1-424b-9868-57a2d4851a1d" />
    <TestEntry testId="b7695e69-3aa4-1052-b80a-9ac26e1396c3" executionId="ba1f5b76-8b00-4141-bb3c-9e435c840708" testListId="8c84fa94-04c1-424b-9868-57a2d4851a1d" />
    <TestEntry testId="e1e48189-3ca1-6959-57e7-11c451585432" executionId="f04a0bd1-00e0-4e9e-a597-5a80d6088de4" testListId="8c84fa94-04c1-424b-9868-57a2d4851a1d" />
    <TestEntry testId="fe93e5ba-a045-333b-dc14-a259d7f30137" executionId="98d1c899-8d72-49f2-a21b-5ecf63395b3b" testListId="8c84fa94-04c1-424b-9868-57a2d4851a1d" />
  </TestEntries>
  <Results>
    <UnitTestResult executionId="33fd9433-a5cf-4d8c-8f9f-e1f3f02e3896" testId="156f5eea-9397-288c-fbfe-06d29dfc5e3b" testName="Should_Not_Use_Greediest_Constructor_When_It_Is_Not_Resolvable" computerName="MATSDATOR1" duration="00:00:00.0273801" startTime="2012-01-08T11:10:57.8110649+01:00" endTime="2012-01-08T11:10:58.0610792+01:00" testType="13cdc9d9-ddb5-4fa4-a97d-d965ccfc6d4b" outcome="Passed" testListId="8c84fa94-04c1-424b-9868-57a2d4851a1d" relativeResultsDirectory="33fd9433-a5cf-4d8c-8f9f-e1f3f02e3896">
    </UnitTestResult>
    <UnitTestResult executionId="07a90e33-8d0c-4185-9584-b2b71cb74b17" testId="3d23e2e5-5324-758b-3ea3-e549aa9c62be" testName="Should_Return_Same_Instance_With_Singleton_Lifetime_Transient" computerName="MATSDATOR1" duration="00:00:00.0018230" startTime="2012-01-08T11:10:58.0690797+01:00" endTime="2012-01-08T11:10:58.0770802+01:00" testType="13cdc9d9-ddb5-4fa4-a97d-d965ccfc6d4b" outcome="Passed" testListId="8c84fa94-04c1-424b-9868-57a2d4851a1d" relativeResultsDirectory="07a90e33-8d0c-4185-9584-b2b71cb74b17">
    </UnitTestResult>
    <UnitTestResult executionId="bee026e8-3560-4901-b7ee-38cb2a91802a" testId="47aefbcd-b13f-e269-2920-df10a8f1f714" testName="Should_Return_Same_Instance_When_RegisterComponent_Has_Lifetime_Singleton" computerName="MATSDATOR1" duration="00:00:00.0036672" startTime="2012-01-08T11:10:58.1010815+01:00" endTime="2012-01-08T11:10:58.1130822+01:00" testType="13cdc9d9-ddb5-4fa4-a97d-d965ccfc6d4b" outcome="Passed" testListId="8c84fa94-04c1-424b-9868-57a2d4851a1d" relativeResultsDirectory="bee026e8-3560-4901-b7ee-38cb2a91802a">
    </UnitTestResult>
    <UnitTestResult executionId="ca3e1ba0-5719-4823-82c6-90b192ed1fa8" testId="7aa8b61e-4c78-431b-a080-64c39c3df33f" testName="Should_Return_Different_Instances_When_RegisterComponent_Has_Lifetime_Transient" computerName="MATSDATOR1" duration="00:00:00.0018980" startTime="2012-01-08T11:10:58.1230828+01:00" endTime="2012-01-08T11:10:58.1360835+01:00" testType="13cdc9d9-ddb5-4fa4-a97d-d965ccfc6d4b" outcome="Passed" testListId="8c84fa94-04c1-424b-9868-57a2d4851a1d" relativeResultsDirectory="ca3e1ba0-5719-4823-82c6-90b192ed1fa8">
    </UnitTestResult>
    <UnitTestResult executionId="b1d8931a-61c1-4e29-a2d3-31d44ba75452" testId="a1766c4b-3d90-ac14-0e4d-486abda2af87" testName="Should_Return_Same_Instance_With_Singleton_Lifetime_Configuration" computerName="MATSDATOR1" duration="00:00:00.0048382" startTime="2012-01-08T11:10:58.1440840+01:00" endTime="2012-01-08T11:10:58.1610850+01:00" testType="13cdc9d9-ddb5-4fa4-a97d-d965ccfc6d4b" outcome="Passed" testListId="8c84fa94-04c1-424b-9868-57a2d4851a1d" relativeResultsDirectory="b1d8931a-61c1-4e29-a2d3-31d44ba75452">
    </UnitTestResult>
    <UnitTestResult executionId="db11e03c-ebe7-4060-b24b-c6308cdba0c5" testId="a9a20814-67e6-a3ba-f2bf-f6266612a585" testName="Should_Throw_An_Exception_When_ServiceType_Is_Not_Assignable_From_Implementing_Type" computerName="MATSDATOR1" duration="00:00:00.0032559" startTime="2012-01-08T11:10:58.1690854+01:00" endTime="2012-01-08T11:10:58.1830862+01:00" testType="13cdc9d9-ddb5-4fa4-a97d-d965ccfc6d4b" outcome="Passed" testListId="8c84fa94-04c1-424b-9868-57a2d4851a1d" relativeResultsDirectory="db11e03c-ebe7-4060-b24b-c6308cdba0c5">
    </UnitTestResult>
    <UnitTestResult executionId="ba1f5b76-8b00-4141-bb3c-9e435c840708" testId="b7695e69-3aa4-1052-b80a-9ac26e1396c3" testName="Should_Return_Different_Instances_With_No_Lifetime_Configuration" computerName="MATSDATOR1" duration="00:00:00.0003646" startTime="2012-01-08T11:10:58.1860864+01:00" endTime="2012-01-08T11:10:58.1930868+01:00" testType="13cdc9d9-ddb5-4fa4-a97d-d965ccfc6d4b" outcome="Passed" testListId="8c84fa94-04c1-424b-9868-57a2d4851a1d" relativeResultsDirectory="ba1f5b76-8b00-4141-bb3c-9e435c840708">
    </UnitTestResult>
    <UnitTestResult executionId="f04a0bd1-00e0-4e9e-a597-5a80d6088de4" testId="e1e48189-3ca1-6959-57e7-11c451585432" testName="Should_Be_Able_To_Assign_A_Type_To_Itself" computerName="MATSDATOR1" duration="00:00:00.0004048" startTime="2012-01-08T11:10:58.1950869+01:00" endTime="2012-01-08T11:10:58.2000872+01:00" testType="13cdc9d9-ddb5-4fa4-a97d-d965ccfc6d4b" outcome="Passed" testListId="8c84fa94-04c1-424b-9868-57a2d4851a1d" relativeResultsDirectory="f04a0bd1-00e0-4e9e-a597-5a80d6088de4">
    </UnitTestResult>
    <UnitTestResult executionId="98d1c899-8d72-49f2-a21b-5ecf63395b3b" testId="fe93e5ba-a045-333b-dc14-a259d7f30137" testName="Should_Resolve_Using_Greediest_Constructor" computerName="MATSDATOR1" duration="00:00:00.0003067" startTime="2012-01-08T11:10:58.2020873+01:00" endTime="2012-01-08T11:10:58.2080876+01:00" testType="13cdc9d9-ddb5-4fa4-a97d-d965ccfc6d4b" outcome="Passed" testListId="8c84fa94-04c1-424b-9868-57a2d4851a1d" relativeResultsDirectory="98d1c899-8d72-49f2-a21b-5ecf63395b3b">
    </UnitTestResult>
  </Results>
</TestRun>