<?xml version="1.0" encoding="UTF-8"?>
<TestRun id="3e6a540e-d8a8-4caa-a674-619568ac617a" name="Mats@MATSDATOR1 2012-01-08 11:18:11" runUser="MatsDator1\Mats" xmlns="http://microsoft.com/schemas/VisualStudio/TeamTest/2010">
  <TestSettings name="Local" id="8f4e77c5-bbe4-405a-a0f8-8a80e26343c7">
    <Description>These are default test settings for a local test run.</Description>
    <Deployment enabled="false" runDeploymentRoot="Mats_MATSDATOR1 2012-01-08 11_18_11">
      <DeploymentItem filename="C:\Development\SimpleIOC\SimpleIOC.Core\bin\Debug\SimpleIOC.Core.dll" />
    </Deployment>
    <Execution>
      <TestTypeSpecific />
      <AgentRule name="Execution Agents">
      </AgentRule>
    </Execution>
  </TestSettings>
  <Times creation="2012-01-08T11:18:11.6108768+01:00" queuing="2012-01-08T11:18:11.6428787+01:00" start="2012-01-08T11:18:11.6688801+01:00" finish="2012-01-08T11:18:12.1239062+01:00" />
  <ResultSummary outcome="Failed">
    <Counters total="10" executed="10" passed="9" error="0" failed="1" timeout="0" aborted="0" inconclusive="0" passedButRunAborted="0" notRunnable="0" notExecuted="0" disconnected="0" warning="0" completed="0" inProgress="0" pending="0" />
  </ResultSummary>
  <TestDefinitions>
    <UnitTest name="Should_Return_Different_Instances_When_RegisterComponent_Has_Lifetime_Transient" storage="c:\development\simpleioc\simpleioc.tests\bin\debug\simpleioc.tests.dll" id="7aa8b61e-4c78-431b-a080-64c39c3df33f">
      <Execution id="e0b0f5ab-9cda-4faa-99ab-b72a71604df8" />
      <TestMethod codeBase="C:/Development/SimpleIOC/SimpleIOC.Tests/bin/Debug/SimpleIOC.Tests.DLL" adapterTypeName="Microsoft.VisualStudio.TestTools.TestTypes.Unit.UnitTestAdapter, Microsoft.VisualStudio.QualityTools.Tips.UnitTest.Adapter, Version=10.0.0.0, Culture=neutral, PublicKeyToken=b03f5f7f11d50a3a" className="SimpleIOC.Tests.ContainerTests, SimpleIOC.Tests, Version=1.0.0.0, Culture=neutral, PublicKeyToken=null" name="Should_Return_Different_Instances_When_RegisterComponent_Has_Lifetime_Transient" />
    </UnitTest>
    <UnitTest name="Should_Throw_An_Exception_When_ServiceType_Is_Not_Assignable_From_Implementing_Type" storage="c:\development\simpleioc\simpleioc.tests\bin\debug\simpleioc.tests.dll" id="a9a20814-67e6-a3ba-f2bf-f6266612a585">
      <Execution id="7afb9080-ffab-482c-ba00-94ebb99a3f3f" />
      <TestMethod codeBase="C:/Development/SimpleIOC/SimpleIOC.Tests/bin/Debug/SimpleIOC.Tests.DLL" adapterTypeName="Microsoft.VisualStudio.TestTools.TestTypes.Unit.UnitTestAdapter, Microsoft.VisualStudio.QualityTools.Tips.UnitTest.Adapter, Version=10.0.0.0, Culture=neutral, PublicKeyToken=b03f5f7f11d50a3a" className="SimpleIOC.Tests.ContainerTests, SimpleIOC.Tests, Version=1.0.0.0, Culture=neutral, PublicKeyToken=null" name="Should_Throw_An_Exception_When_ServiceType_Is_Not_Assignable_From_Implementing_Type" />
    </UnitTest>
    <UnitTest name="Should_Return_Same_Instance_When_RegisterComponent_Has_Lifetime_Singleton" storage="c:\development\simpleioc\simpleioc.tests\bin\debug\simpleioc.tests.dll" id="47aefbcd-b13f-e269-2920-df10a8f1f714">
      <Execution id="7595c702-a2f4-4ce2-bf73-04e05be3237e" />
      <TestMethod codeBase="C:/Development/SimpleIOC/SimpleIOC.Tests/bin/Debug/SimpleIOC.Tests.DLL" adapterTypeName="Microsoft.VisualStudio.TestTools.TestTypes.Unit.UnitTestAdapter, Microsoft.VisualStudio.QualityTools.Tips.UnitTest.Adapter, Version=10.0.0.0, Culture=neutral, PublicKeyToken=b03f5f7f11d50a3a" className="SimpleIOC.Tests.ContainerTests, SimpleIOC.Tests, Version=1.0.0.0, Culture=neutral, PublicKeyToken=null" name="Should_Return_Same_Instance_When_RegisterComponent_Has_Lifetime_Singleton" />
    </UnitTest>
    <UnitTest name="Should_Return_Different_Instances_With_No_Lifetime_Configuration" storage="c:\development\simpleioc\simpleioc.tests\bin\debug\simpleioc.tests.dll" id="b7695e69-3aa4-1052-b80a-9ac26e1396c3">
      <Execution id="65d7bab4-52fd-49ed-84fc-923390bc041e" />
      <TestMethod codeBase="C:/Development/SimpleIOC/SimpleIOC.Tests/bin/Debug/SimpleIOC.Tests.DLL" adapterTypeName="Microsoft.VisualStudio.TestTools.TestTypes.Unit.UnitTestAdapter, Microsoft.VisualStudio.QualityTools.Tips.UnitTest.Adapter, Version=10.0.0.0, Culture=neutral, PublicKeyToken=b03f5f7f11d50a3a" className="SimpleIOC.Tests.ContainerTests, SimpleIOC.Tests, Version=1.0.0.0, Culture=neutral, PublicKeyToken=null" name="Should_Return_Different_Instances_With_No_Lifetime_Configuration" />
    </UnitTest>
    <UnitTest name="Should_Return_An_Array_Containing_Two_Items_When_Resolving_All" storage="c:\development\simpleioc\simpleioc.tests\bin\debug\simpleioc.tests.dll" id="9066f836-74c3-4c9a-62ae-87661f96486e">
      <Execution id="605ef1cb-c8cb-4064-b747-6a1caddb0407" />
      <TestMethod codeBase="C:/Development/SimpleIOC/SimpleIOC.Tests/bin/Debug/SimpleIOC.Tests.DLL" adapterTypeName="Microsoft.VisualStudio.TestTools.TestTypes.Unit.UnitTestAdapter, Microsoft.VisualStudio.QualityTools.Tips.UnitTest.Adapter, Version=10.0.0.0, Culture=neutral, PublicKeyToken=b03f5f7f11d50a3a" className="SimpleIOC.Tests.ContainerTests, SimpleIOC.Tests, Version=1.0.0.0, Culture=neutral, PublicKeyToken=null" name="Should_Return_An_Array_Containing_Two_Items_When_Resolving_All" />
    </UnitTest>
    <UnitTest name="Should_Return_Same_Instance_With_Singleton_Lifetime_Configuration" storage="c:\development\simpleioc\simpleioc.tests\bin\debug\simpleioc.tests.dll" id="a1766c4b-3d90-ac14-0e4d-486abda2af87">
      <Execution id="2e87aef6-36dd-48a8-a502-3e8074d81143" />
      <TestMethod codeBase="C:/Development/SimpleIOC/SimpleIOC.Tests/bin/Debug/SimpleIOC.Tests.DLL" adapterTypeName="Microsoft.VisualStudio.TestTools.TestTypes.Unit.UnitTestAdapter, Microsoft.VisualStudio.QualityTools.Tips.UnitTest.Adapter, Version=10.0.0.0, Culture=neutral, PublicKeyToken=b03f5f7f11d50a3a" className="SimpleIOC.Tests.ContainerTests, SimpleIOC.Tests, Version=1.0.0.0, Culture=neutral, PublicKeyToken=null" name="Should_Return_Same_Instance_With_Singleton_Lifetime_Configuration" />
    </UnitTest>
    <UnitTest name="Should_Resolve_Using_Greediest_Constructor" storage="c:\development\simpleioc\simpleioc.tests\bin\debug\simpleioc.tests.dll" id="fe93e5ba-a045-333b-dc14-a259d7f30137">
      <Execution id="e785d3cd-38ec-4bf4-a90a-575a8147ff42" />
      <TestMethod codeBase="C:/Development/SimpleIOC/SimpleIOC.Tests/bin/Debug/SimpleIOC.Tests.DLL" adapterTypeName="Microsoft.VisualStudio.TestTools.TestTypes.Unit.UnitTestAdapter, Microsoft.VisualStudio.QualityTools.Tips.UnitTest.Adapter, Version=10.0.0.0, Culture=neutral, PublicKeyToken=b03f5f7f11d50a3a" className="SimpleIOC.Tests.ContainerTests, SimpleIOC.Tests, Version=1.0.0.0, Culture=neutral, PublicKeyToken=null" name="Should_Resolve_Using_Greediest_Constructor" />
    </UnitTest>
    <UnitTest name="Should_Return_Same_Instance_With_Singleton_Lifetime_Transient" storage="c:\development\simpleioc\simpleioc.tests\bin\debug\simpleioc.tests.dll" id="3d23e2e5-5324-758b-3ea3-e549aa9c62be">
      <Execution id="f2189c16-98ff-45d0-97f6-a602183b3db4" />
      <TestMethod codeBase="C:/Development/SimpleIOC/SimpleIOC.Tests/bin/Debug/SimpleIOC.Tests.DLL" adapterTypeName="Microsoft.VisualStudio.TestTools.TestTypes.Unit.UnitTestAdapter, Microsoft.VisualStudio.QualityTools.Tips.UnitTest.Adapter, Version=10.0.0.0, Culture=neutral, PublicKeyToken=b03f5f7f11d50a3a" className="SimpleIOC.Tests.ContainerTests, SimpleIOC.Tests, Version=1.0.0.0, Culture=neutral, PublicKeyToken=null" name="Should_Return_Same_Instance_With_Singleton_Lifetime_Transient" />
    </UnitTest>
    <UnitTest name="Should_Be_Able_To_Assign_A_Type_To_Itself" storage="c:\development\simpleioc\simpleioc.tests\bin\debug\simpleioc.tests.dll" id="e1e48189-3ca1-6959-57e7-11c451585432">
      <Execution id="dda2ba9e-ca2b-4653-a143-aa754dfee54a" />
      <TestMethod codeBase="C:/Development/SimpleIOC/SimpleIOC.Tests/bin/Debug/SimpleIOC.Tests.DLL" adapterTypeName="Microsoft.VisualStudio.TestTools.TestTypes.Unit.UnitTestAdapter, Microsoft.VisualStudio.QualityTools.Tips.UnitTest.Adapter, Version=10.0.0.0, Culture=neutral, PublicKeyToken=b03f5f7f11d50a3a" className="SimpleIOC.Tests.ContainerTests, SimpleIOC.Tests, Version=1.0.0.0, Culture=neutral, PublicKeyToken=null" name="Should_Be_Able_To_Assign_A_Type_To_Itself" />
    </UnitTest>
    <UnitTest name="Should_Not_Use_Greediest_Constructor_When_It_Is_Not_Resolvable" storage="c:\development\simpleioc\simpleioc.tests\bin\debug\simpleioc.tests.dll" id="156f5eea-9397-288c-fbfe-06d29dfc5e3b">
      <Execution id="da043e2c-a3e0-4947-82f2-53b081268df6" />
      <TestMethod codeBase="C:/Development/SimpleIOC/SimpleIOC.Tests/bin/Debug/SimpleIOC.Tests.DLL" adapterTypeName="Microsoft.VisualStudio.TestTools.TestTypes.Unit.UnitTestAdapter, Microsoft.VisualStudio.QualityTools.Tips.UnitTest.Adapter, Version=10.0.0.0, Culture=neutral, PublicKeyToken=b03f5f7f11d50a3a" className="SimpleIOC.Tests.ContainerTests, SimpleIOC.Tests, Version=1.0.0.0, Culture=neutral, PublicKeyToken=null" name="Should_Not_Use_Greediest_Constructor_When_It_Is_Not_Resolvable" />
    </UnitTest>
  </TestDefinitions>
  <TestLists>
    <TestList name="Results Not in a List" id="8c84fa94-04c1-424b-9868-57a2d4851a1d" />
    <TestList name="All Loaded Results" id="19431567-8539-422a-85d7-44ee4e166bda" />
  </TestLists>
  <TestEntries>
    <TestEntry testId="156f5eea-9397-288c-fbfe-06d29dfc5e3b" executionId="da043e2c-a3e0-4947-82f2-53b081268df6" testListId="8c84fa94-04c1-424b-9868-57a2d4851a1d" />
    <TestEntry testId="3d23e2e5-5324-758b-3ea3-e549aa9c62be" executionId="f2189c16-98ff-45d0-97f6-a602183b3db4" testListId="8c84fa94-04c1-424b-9868-57a2d4851a1d" />
    <TestEntry testId="47aefbcd-b13f-e269-2920-df10a8f1f714" executionId="7595c702-a2f4-4ce2-bf73-04e05be3237e" testListId="8c84fa94-04c1-424b-9868-57a2d4851a1d" />
    <TestEntry testId="7aa8b61e-4c78-431b-a080-64c39c3df33f" executionId="e0b0f5ab-9cda-4faa-99ab-b72a71604df8" testListId="8c84fa94-04c1-424b-9868-57a2d4851a1d" />
    <TestEntry testId="9066f836-74c3-4c9a-62ae-87661f96486e" executionId="605ef1cb-c8cb-4064-b747-6a1caddb0407" testListId="8c84fa94-04c1-424b-9868-57a2d4851a1d" />
    <TestEntry testId="a1766c4b-3d90-ac14-0e4d-486abda2af87" executionId="2e87aef6-36dd-48a8-a502-3e8074d81143" testListId="8c84fa94-04c1-424b-9868-57a2d4851a1d" />
    <TestEntry testId="a9a20814-67e6-a3ba-f2bf-f6266612a585" executionId="7afb9080-ffab-482c-ba00-94ebb99a3f3f" testListId="8c84fa94-04c1-424b-9868-57a2d4851a1d" />
    <TestEntry testId="b7695e69-3aa4-1052-b80a-9ac26e1396c3" executionId="65d7bab4-52fd-49ed-84fc-923390bc041e" testListId="8c84fa94-04c1-424b-9868-57a2d4851a1d" />
    <TestEntry testId="e1e48189-3ca1-6959-57e7-11c451585432" executionId="dda2ba9e-ca2b-4653-a143-aa754dfee54a" testListId="8c84fa94-04c1-424b-9868-57a2d4851a1d" />
    <TestEntry testId="fe93e5ba-a045-333b-dc14-a259d7f30137" executionId="e785d3cd-38ec-4bf4-a90a-575a8147ff42" testListId="8c84fa94-04c1-424b-9868-57a2d4851a1d" />
  </TestEntries>
  <Results>
    <UnitTestResult executionId="da043e2c-a3e0-4947-82f2-53b081268df6" testId="156f5eea-9397-288c-fbfe-06d29dfc5e3b" testName="Should_Not_Use_Greediest_Constructor_When_It_Is_Not_Resolvable" computerName="MATSDATOR1" duration="00:00:00.0289288" startTime="2012-01-08T11:18:11.6708803+01:00" endTime="2012-01-08T11:18:11.9168943+01:00" testType="13cdc9d9-ddb5-4fa4-a97d-d965ccfc6d4b" outcome="Passed" testListId="8c84fa94-04c1-424b-9868-57a2d4851a1d" relativeResultsDirectory="da043e2c-a3e0-4947-82f2-53b081268df6">
    </UnitTestResult>
    <UnitTestResult executionId="f2189c16-98ff-45d0-97f6-a602183b3db4" testId="3d23e2e5-5324-758b-3ea3-e549aa9c62be" testName="Should_Return_Same_Instance_With_Singleton_Lifetime_Transient" computerName="MATSDATOR1" duration="00:00:00.0172650" startTime="2012-01-08T11:18:11.9218946+01:00" endTime="2012-01-08T11:18:11.9588967+01:00" testType="13cdc9d9-ddb5-4fa4-a97d-d965ccfc6d4b" outcome="Passed" testListId="8c84fa94-04c1-424b-9868-57a2d4851a1d" relativeResultsDirectory="f2189c16-98ff-45d0-97f6-a602183b3db4">
    </UnitTestResult>
    <UnitTestResult executionId="7595c702-a2f4-4ce2-bf73-04e05be3237e" testId="47aefbcd-b13f-e269-2920-df10a8f1f714" testName="Should_Return_Same_Instance_When_RegisterComponent_Has_Lifetime_Singleton" computerName="MATSDATOR1" duration="00:00:00.0026979" startTime="2012-01-08T11:18:11.9688973+01:00" endTime="2012-01-08T11:18:11.9818980+01:00" testType="13cdc9d9-ddb5-4fa4-a97d-d965ccfc6d4b" outcome="Passed" testListId="8c84fa94-04c1-424b-9868-57a2d4851a1d" relativeResultsDirectory="7595c702-a2f4-4ce2-bf73-04e05be3237e">
    </UnitTestResult>
    <UnitTestResult executionId="e0b0f5ab-9cda-4faa-99ab-b72a71604df8" testId="7aa8b61e-4c78-431b-a080-64c39c3df33f" testName="Should_Return_Different_Instances_When_RegisterComponent_Has_Lifetime_Transient" computerName="MATSDATOR1" duration="00:00:00.0012942" startTime="2012-01-08T11:18:11.9898985+01:00" endTime="2012-01-08T11:18:12.0038993+01:00" testType="13cdc9d9-ddb5-4fa4-a97d-d965ccfc6d4b" outcome="Passed" testListId="8c84fa94-04c1-424b-9868-57a2d4851a1d" relativeResultsDirectory="e0b0f5ab-9cda-4faa-99ab-b72a71604df8">
    </UnitTestResult>
    <UnitTestResult executionId="605ef1cb-c8cb-4064-b747-6a1caddb0407" testId="9066f836-74c3-4c9a-62ae-87661f96486e" testName="Should_Return_An_Array_Containing_Two_Items_When_Resolving_All" computerName="MATSDATOR1" duration="00:00:00.0193811" startTime="2012-01-08T11:18:12.0138999+01:00" endTime="2012-01-08T11:18:12.0389013+01:00" testType="13cdc9d9-ddb5-4fa4-a97d-d965ccfc6d4b" outcome="Failed" testListId="8c84fa94-04c1-424b-9868-57a2d4851a1d" relativeResultsDirectory="605ef1cb-c8cb-4064-b747-6a1caddb0407">
      <Output>
        <ErrorInfo>
          <Message>Test method SimpleIOC.Tests.ContainerTests.Should_Return_An_Array_Containing_Two_Items_When_Resolving_All threw exception: 
System.NotImplementedException: The method or operation is not implemented.</Message>
          <StackTrace>    at SimpleIOC.Core.Container.ResolveAll[T]() in C:\Development\SimpleIOC\SimpleIOC.Core\Container.cs:line 66
   at SimpleIOC.Tests.ContainerTests.Should_Return_An_Array_Containing_Two_Items_When_Resolving_All() in C:\Development\SimpleIOC\SimpleIOC.Tests\ContainerTests.cs:line 137
</StackTrace>
        </ErrorInfo>
      </Output>
    </UnitTestResult>
    <UnitTestResult executionId="2e87aef6-36dd-48a8-a502-3e8074d81143" testId="a1766c4b-3d90-ac14-0e4d-486abda2af87" testName="Should_Return_Same_Instance_With_Singleton_Lifetime_Configuration" computerName="MATSDATOR1" duration="00:00:00.0040845" startTime="2012-01-08T11:18:12.0469018+01:00" endTime="2012-01-08T11:18:12.0599025+01:00" testType="13cdc9d9-ddb5-4fa4-a97d-d965ccfc6d4b" outcome="Passed" testListId="8c84fa94-04c1-424b-9868-57a2d4851a1d" relativeResultsDirectory="2e87aef6-36dd-48a8-a502-3e8074d81143">
    </UnitTestResult>
    <UnitTestResult executionId="7afb9080-ffab-482c-ba00-94ebb99a3f3f" testId="a9a20814-67e6-a3ba-f2bf-f6266612a585" testName="Should_Throw_An_Exception_When_ServiceType_Is_Not_Assignable_From_Implementing_Type" computerName="MATSDATOR1" duration="00:00:00.0030841" startTime="2012-01-08T11:18:12.0609026+01:00" endTime="2012-01-08T11:18:12.0749034+01:00" testType="13cdc9d9-ddb5-4fa4-a97d-d965ccfc6d4b" outcome="Passed" testListId="8c84fa94-04c1-424b-9868-57a2d4851a1d" relativeResultsDirectory="7afb9080-ffab-482c-ba00-94ebb99a3f3f">
    </UnitTestResult>
    <UnitTestResult executionId="65d7bab4-52fd-49ed-84fc-923390bc041e" testId="b7695e69-3aa4-1052-b80a-9ac26e1396c3" testName="Should_Return_Different_Instances_With_No_Lifetime_Configuration" computerName="MATSDATOR1" duration="00:00:00.0003432" startTime="2012-01-08T11:18:12.0829038+01:00" endTime="2012-01-08T11:18:12.0909043+01:00" testType="13cdc9d9-ddb5-4fa4-a97d-d965ccfc6d4b" outcome="Passed" testListId="8c84fa94-04c1-424b-9868-57a2d4851a1d" relativeResultsDirectory="65d7bab4-52fd-49ed-84fc-923390bc041e">
    </UnitTestResult>
    <UnitTestResult executionId="dda2ba9e-ca2b-4653-a143-aa754dfee54a" testId="e1e48189-3ca1-6959-57e7-11c451585432" testName="Should_Be_Able_To_Assign_A_Type_To_Itself" computerName="MATSDATOR1" duration="00:00:00.0004400" startTime="2012-01-08T11:18:12.0929044+01:00" endTime="2012-01-08T11:18:12.0989047+01:00" testType="13cdc9d9-ddb5-4fa4-a97d-d965ccfc6d4b" outcome="Passed" testListId="8c84fa94-04c1-424b-9868-57a2d4851a1d" relativeResultsDirectory="dda2ba9e-ca2b-4653-a143-aa754dfee54a">
    </UnitTestResult>
    <UnitTestResult executionId="e785d3cd-38ec-4bf4-a90a-575a8147ff42" testId="fe93e5ba-a045-333b-dc14-a259d7f30137" testName="Should_Resolve_Using_Greediest_Constructor" computerName="MATSDATOR1" duration="00:00:00.0003294" startTime="2012-01-08T11:18:12.1009048+01:00" endTime="2012-01-08T11:18:12.1069052+01:00" testType="13cdc9d9-ddb5-4fa4-a97d-d965ccfc6d4b" outcome="Passed" testListId="8c84fa94-04c1-424b-9868-57a2d4851a1d" relativeResultsDirectory="e785d3cd-38ec-4bf4-a90a-575a8147ff42">
    </UnitTestResult>
  </Results>
</TestRun>