<?xml version="1.0" encoding="UTF-8"?>
<TestRun id="72df9421-b8dc-41a6-8cef-1d1ec7ef8819" name="Mats@MATSDATOR1 2012-01-08 11:09:26" runUser="MatsDator1\Mats" xmlns="http://microsoft.com/schemas/VisualStudio/TeamTest/2010">
  <TestSettings name="Local" id="8f4e77c5-bbe4-405a-a0f8-8a80e26343c7">
    <Description>These are default test settings for a local test run.</Description>
    <Deployment enabled="false" runDeploymentRoot="Mats_MATSDATOR1 2012-01-08 11_09_26">
      <DeploymentItem filename="C:\Development\SimpleIOC\SimpleIOC.Core\bin\Debug\SimpleIOC.Core.dll" />
    </Deployment>
    <Execution>
      <TestTypeSpecific />
      <AgentRule name="Execution Agents">
      </AgentRule>
    </Execution>
  </TestSettings>
  <Times creation="2012-01-08T11:09:26.7278552+01:00" queuing="2012-01-08T11:09:28.1309355+01:00" start="2012-01-08T11:09:28.3079456+01:00" finish="2012-01-08T11:12:44.7191797+01:00" />
  <ResultSummary outcome="Failed">
    <Counters total="1" executed="1" error="0" failed="1" timeout="0" aborted="0" inconclusive="0" passedButRunAborted="0" notRunnable="0" notExecuted="0" disconnected="0" warning="0" passed="0" completed="0" inProgress="0" pending="0" />
  </ResultSummary>
  <TestDefinitions>
    <UnitTest name="Should_Resolve_Using_Greediest_Constructor" storage="c:\development\simpleioc\simpleioc.tests\bin\debug\simpleioc.tests.dll" id="fe93e5ba-a045-333b-dc14-a259d7f30137">
      <Execution id="fdd521a6-e937-4e61-859d-076ad0c1eefe" />
      <TestMethod codeBase="C:/Development/SimpleIOC/SimpleIOC.Tests/bin/Debug/SimpleIOC.Tests.DLL" adapterTypeName="Microsoft.VisualStudio.TestTools.TestTypes.Unit.UnitTestAdapter, Microsoft.VisualStudio.QualityTools.Tips.UnitTest.Adapter, Version=10.0.0.0, Culture=neutral, PublicKeyToken=b03f5f7f11d50a3a" className="SimpleIOC.Tests.ContainerTests, SimpleIOC.Tests, Version=1.0.0.0, Culture=neutral, PublicKeyToken=null" name="Should_Resolve_Using_Greediest_Constructor" />
    </UnitTest>
  </TestDefinitions>
  <TestLists>
    <TestList name="Results Not in a List" id="8c84fa94-04c1-424b-9868-57a2d4851a1d" />
    <TestList name="All Loaded Results" id="19431567-8539-422a-85d7-44ee4e166bda" />
  </TestLists>
  <TestEntries>
    <TestEntry testId="fe93e5ba-a045-333b-dc14-a259d7f30137" executionId="fdd521a6-e937-4e61-859d-076ad0c1eefe" testListId="8c84fa94-04c1-424b-9868-57a2d4851a1d" />
  </TestEntries>
  <Results>
    <UnitTestResult executionId="fdd521a6-e937-4e61-859d-076ad0c1eefe" testId="fe93e5ba-a045-333b-dc14-a259d7f30137" testName="Should_Resolve_Using_Greediest_Constructor" computerName="MATSDATOR1" duration="00:03:15.1656687" startTime="2012-01-08T11:09:28.4839557+01:00" endTime="2012-01-08T11:12:44.6551760+01:00" testType="13cdc9d9-ddb5-4fa4-a97d-d965ccfc6d4b" outcome="Failed" testListId="8c84fa94-04c1-424b-9868-57a2d4851a1d" relativeResultsDirectory="fdd521a6-e937-4e61-859d-076ad0c1eefe">
      <Output>
        <ErrorInfo>
          <Message>Assert.IsNotNull failed. </Message>
          <StackTrace>   at SimpleIOC.Tests.ContainerTests.Should_Resolve_Using_Greediest_Constructor() in C:\Development\SimpleIOC\SimpleIOC.Tests\ContainerTests.cs:line 31
</StackTrace>
        </ErrorInfo>
      </Output>
    </UnitTestResult>
  </Results>
</TestRun>